// Vitest Snapshot v1, https://vitest.dev/guide/snapshot.html

exports[`buildSemanticReferenceGraph > should build a semantic graph 1`] = `
[
  {
    "direction": "outgoing",
    "isInternal": false,
    "name": "useCallback",
    "offset": 436,
    "position": {
      "character": 24,
      "line": 17,
    },
    "sourceNodeId": "/Users/byronwall/Projects/react-ts-viewer/src/__tests__/__fixtures__/useKeyModifiers.tsx:421-695",
    "targetNodeId": "/Users/byronwall/Projects/react-ts-viewer/src/__tests__/__fixtures__/useKeyModifiers.tsx:15-72",
    "targets": [
      "/Users/byronwall/Projects/react-ts-viewer/src/__tests__/__fixtures__/useKeyModifiers.tsx:421-695",
    ],
    "type": "function_call",
    "usageNodeId": "/Users/byronwall/Projects/react-ts-viewer/src/__tests__/__fixtures__/useKeyModifiers.tsx:421-695",
  },
  {
    "direction": "outgoing",
    "isInternal": false,
    "name": "keysToTrack",
    "offset": 492,
    "position": {
      "character": 11,
      "line": 19,
    },
    "sourceNodeId": "/Users/byronwall/Projects/react-ts-viewer/src/__tests__/__fixtures__/useKeyModifiers.tsx:421-695",
    "targetNodeId": "/Users/byronwall/Projects/react-ts-viewer/src/__tests__/__fixtures__/useKeyModifiers.tsx:246-2102",
    "targets": [
      "/Users/byronwall/Projects/react-ts-viewer/src/__tests__/__fixtures__/useKeyModifiers.tsx:421-695",
    ],
    "type": "variable_reference",
    "usageNodeId": "/Users/byronwall/Projects/react-ts-viewer/src/__tests__/__fixtures__/useKeyModifiers.tsx:488-666",
  },
  {
    "direction": "outgoing",
    "isInternal": false,
    "name": "setPressedModifiers",
    "offset": 541,
    "position": {
      "character": 60,
      "line": 19,
    },
    "sourceNodeId": "/Users/byronwall/Projects/react-ts-viewer/src/__tests__/__fixtures__/useKeyModifiers.tsx:421-695",
    "targetNodeId": "/Users/byronwall/Projects/react-ts-viewer/src/__tests__/__fixtures__/useKeyModifiers.tsx:329-410",
    "targets": [
      "/Users/byronwall/Projects/react-ts-viewer/src/__tests__/__fixtures__/useKeyModifiers.tsx:421-695",
    ],
    "type": "function_call",
    "usageNodeId": "/Users/byronwall/Projects/react-ts-viewer/src/__tests__/__fixtures__/useKeyModifiers.tsx:488-666",
  },
]
`;
