// Vitest Snapshot v1, https://vitest.dev/guide/snapshot.html

exports[`reference declaration resolver – simpleJsx.<main> > should map each external reference inside <main> to its declaration 1`] = `
[
  {
    "name": "cn",
    "offset": 316,
    "position": {
      "character": 19,
      "line": 14,
    },
    "sourceNodeId": "/Users/byronwall/Projects/react-ts-viewer/src/__tests__/__fixtures__/simpleJsx.tsx:256-788",
    "targetNodeId": "/Users/byronwall/Projects/react-ts-viewer/src/__tests__/__fixtures__/simpleJsx.tsx:96-150",
    "type": "variable_reference",
    "usageNodeId": "/Users/byronwall/Projects/react-ts-viewer/src/__tests__/__fixtures__/simpleJsx.tsx:316-701",
  },
  {
    "name": "isPreview",
    "offset": 381,
    "position": {
      "character": 10,
      "line": 16,
    },
    "sourceNodeId": "/Users/byronwall/Projects/react-ts-viewer/src/__tests__/__fixtures__/simpleJsx.tsx:256-788",
    "targetNodeId": "/Users/byronwall/Projects/react-ts-viewer/src/__tests__/__fixtures__/simpleJsx.tsx:152-795",
    "type": "variable_reference",
    "usageNodeId": "/Users/byronwall/Projects/react-ts-viewer/src/__tests__/__fixtures__/simpleJsx.tsx:316-701",
  },
  {
    "name": "isClipped",
    "offset": 526,
    "position": {
      "character": 10,
      "line": 19,
    },
    "sourceNodeId": "/Users/byronwall/Projects/react-ts-viewer/src/__tests__/__fixtures__/simpleJsx.tsx:256-788",
    "targetNodeId": "/Users/byronwall/Projects/react-ts-viewer/src/__tests__/__fixtures__/simpleJsx.tsx:152-795",
    "type": "variable_reference",
    "usageNodeId": "/Users/byronwall/Projects/react-ts-viewer/src/__tests__/__fixtures__/simpleJsx.tsx:316-701",
  },
  {
    "name": "block",
    "offset": 579,
    "position": {
      "character": 10,
      "line": 20,
    },
    "sourceNodeId": "/Users/byronwall/Projects/react-ts-viewer/src/__tests__/__fixtures__/simpleJsx.tsx:256-788",
    "targetNodeId": "/Users/byronwall/Projects/react-ts-viewer/src/__tests__/__fixtures__/simpleJsx.tsx:152-795",
    "type": "variable_reference",
    "usageNodeId": "/Users/byronwall/Projects/react-ts-viewer/src/__tests__/__fixtures__/simpleJsx.tsx:316-701",
  },
  {
    "name": "block",
    "offset": 642,
    "position": {
      "character": 10,
      "line": 21,
    },
    "sourceNodeId": "/Users/byronwall/Projects/react-ts-viewer/src/__tests__/__fixtures__/simpleJsx.tsx:256-788",
    "targetNodeId": "/Users/byronwall/Projects/react-ts-viewer/src/__tests__/__fixtures__/simpleJsx.tsx:152-795",
    "type": "variable_reference",
    "usageNodeId": "/Users/byronwall/Projects/react-ts-viewer/src/__tests__/__fixtures__/simpleJsx.tsx:316-701",
  },
  {
    "name": "handleMouseDown",
    "offset": 724,
    "position": {
      "character": 21,
      "line": 23,
    },
    "sourceNodeId": "/Users/byronwall/Projects/react-ts-viewer/src/__tests__/__fixtures__/simpleJsx.tsx:256-788",
    "targetNodeId": "/Users/byronwall/Projects/react-ts-viewer/src/__tests__/__fixtures__/simpleJsx.tsx:27-88",
    "type": "variable_reference",
    "usageNodeId": "/Users/byronwall/Projects/react-ts-viewer/src/__tests__/__fixtures__/simpleJsx.tsx:292-776",
  },
  {
    "name": "name",
    "offset": 758,
    "position": {
      "character": 9,
      "line": 25,
    },
    "sourceNodeId": "/Users/byronwall/Projects/react-ts-viewer/src/__tests__/__fixtures__/simpleJsx.tsx:256-788",
    "targetNodeId": "/Users/byronwall/Projects/react-ts-viewer/src/__tests__/__fixtures__/simpleJsx.tsx:6-19",
    "type": "variable_reference",
    "usageNodeId": "/Users/byronwall/Projects/react-ts-viewer/src/__tests__/__fixtures__/simpleJsx.tsx:292-776",
  },
]
`;
