// Vitest Snapshot v1, https://vitest.dev/guide/snapshot.html

exports[`reference declaration resolver – TimeBlock.<main> element > should map each external reference to its declaration 1`] = `
[
  {
    "direction": "outgoing",
    "isInternal": false,
    "name": "cn",
    "offset": 1787,
    "position": {
      "character": 17,
      "line": 72,
    },
    "sourceNodeId": "/Users/byronwall/Projects/react-ts-viewer/src/__tests__/__fixtures__/TimeBlock.tsx:1735-3458",
    "targetNodeId": "/Users/byronwall/Projects/react-ts-viewer/src/__tests__/__fixtures__/TimeBlock.tsx",
    "targets": [
      "/Users/byronwall/Projects/react-ts-viewer/src/__tests__/__fixtures__/TimeBlock.tsx",
    ],
    "type": "variable_reference",
    "usageNodeId": "/Users/byronwall/Projects/react-ts-viewer/src/__tests__/__fixtures__/TimeBlock.tsx:1735-3458",
  },
  {
    "direction": "outgoing",
    "isInternal": false,
    "name": "isPreview",
    "offset": 1848,
    "position": {
      "character": 8,
      "line": 74,
    },
    "sourceNodeId": "/Users/byronwall/Projects/react-ts-viewer/src/__tests__/__fixtures__/TimeBlock.tsx:1735-3458",
    "targetNodeId": "/Users/byronwall/Projects/react-ts-viewer/src/__tests__/__fixtures__/TimeBlock.tsx:886-3465",
    "targets": [
      "/Users/byronwall/Projects/react-ts-viewer/src/__tests__/__fixtures__/TimeBlock.tsx:886-3465",
    ],
    "type": "variable_reference",
    "usageNodeId": "/Users/byronwall/Projects/react-ts-viewer/src/__tests__/__fixtures__/TimeBlock.tsx:1735-3458",
  },
  {
    "direction": "outgoing",
    "isInternal": false,
    "name": "isClipped",
    "offset": 1987,
    "position": {
      "character": 8,
      "line": 77,
    },
    "sourceNodeId": "/Users/byronwall/Projects/react-ts-viewer/src/__tests__/__fixtures__/TimeBlock.tsx:1735-3458",
    "targetNodeId": "/Users/byronwall/Projects/react-ts-viewer/src/__tests__/__fixtures__/TimeBlock.tsx:886-3465",
    "targets": [
      "/Users/byronwall/Projects/react-ts-viewer/src/__tests__/__fixtures__/TimeBlock.tsx:886-3465",
    ],
    "type": "variable_reference",
    "usageNodeId": "/Users/byronwall/Projects/react-ts-viewer/src/__tests__/__fixtures__/TimeBlock.tsx:1735-3458",
  },
  {
    "direction": "outgoing",
    "isInternal": false,
    "name": "block",
    "offset": 2038,
    "position": {
      "character": 8,
      "line": 78,
    },
    "sourceNodeId": "/Users/byronwall/Projects/react-ts-viewer/src/__tests__/__fixtures__/TimeBlock.tsx:1735-3458",
    "targetNodeId": "/Users/byronwall/Projects/react-ts-viewer/src/__tests__/__fixtures__/TimeBlock.tsx:886-3465",
    "targets": [
      "/Users/byronwall/Projects/react-ts-viewer/src/__tests__/__fixtures__/TimeBlock.tsx:886-3465",
    ],
    "type": "variable_reference",
    "usageNodeId": "/Users/byronwall/Projects/react-ts-viewer/src/__tests__/__fixtures__/TimeBlock.tsx:1735-3458",
  },
  {
    "direction": "outgoing",
    "isInternal": false,
    "name": "block",
    "offset": 2099,
    "position": {
      "character": 8,
      "line": 79,
    },
    "sourceNodeId": "/Users/byronwall/Projects/react-ts-viewer/src/__tests__/__fixtures__/TimeBlock.tsx:1735-3458",
    "targetNodeId": "/Users/byronwall/Projects/react-ts-viewer/src/__tests__/__fixtures__/TimeBlock.tsx:886-3465",
    "targets": [
      "/Users/byronwall/Projects/react-ts-viewer/src/__tests__/__fixtures__/TimeBlock.tsx:886-3465",
    ],
    "type": "variable_reference",
    "usageNodeId": "/Users/byronwall/Projects/react-ts-viewer/src/__tests__/__fixtures__/TimeBlock.tsx:1735-3458",
  },
  {
    "direction": "outgoing",
    "isInternal": false,
    "name": "handleMouseDown",
    "offset": 2178,
    "position": {
      "character": 19,
      "line": 81,
    },
    "sourceNodeId": "/Users/byronwall/Projects/react-ts-viewer/src/__tests__/__fixtures__/TimeBlock.tsx:1735-3458",
    "targetNodeId": "/Users/byronwall/Projects/react-ts-viewer/src/__tests__/__fixtures__/TimeBlock.tsx:1165-1717",
    "targets": [
      "/Users/byronwall/Projects/react-ts-viewer/src/__tests__/__fixtures__/TimeBlock.tsx:1165-1717",
    ],
    "type": "variable_reference",
    "usageNodeId": "/Users/byronwall/Projects/react-ts-viewer/src/__tests__/__fixtures__/TimeBlock.tsx:1735-3458",
  },
  {
    "direction": "outgoing",
    "isInternal": false,
    "name": "isPreview",
    "offset": 2254,
    "position": {
      "character": 10,
      "line": 84,
    },
    "sourceNodeId": "/Users/byronwall/Projects/react-ts-viewer/src/__tests__/__fixtures__/TimeBlock.tsx:1735-3458",
    "targetNodeId": "/Users/byronwall/Projects/react-ts-viewer/src/__tests__/__fixtures__/TimeBlock.tsx:886-3465",
    "targets": [
      "/Users/byronwall/Projects/react-ts-viewer/src/__tests__/__fixtures__/TimeBlock.tsx:886-3465",
    ],
    "type": "variable_reference",
    "usageNodeId": "/Users/byronwall/Projects/react-ts-viewer/src/__tests__/__fixtures__/TimeBlock.tsx:1735-3458",
  },
  {
    "direction": "outgoing",
    "isInternal": false,
    "name": "block",
    "offset": 2701,
    "position": {
      "character": 15,
      "line": 93,
    },
    "sourceNodeId": "/Users/byronwall/Projects/react-ts-viewer/src/__tests__/__fixtures__/TimeBlock.tsx:1735-3458",
    "targetNodeId": "/Users/byronwall/Projects/react-ts-viewer/src/__tests__/__fixtures__/TimeBlock.tsx:886-3465",
    "targets": [
      "/Users/byronwall/Projects/react-ts-viewer/src/__tests__/__fixtures__/TimeBlock.tsx:886-3465",
    ],
    "type": "variable_reference",
    "usageNodeId": "/Users/byronwall/Projects/react-ts-viewer/src/__tests__/__fixtures__/TimeBlock.tsx:1735-3458",
  },
  {
    "direction": "outgoing",
    "isInternal": false,
    "name": "block",
    "offset": 2823,
    "position": {
      "character": 15,
      "line": 96,
    },
    "sourceNodeId": "/Users/byronwall/Projects/react-ts-viewer/src/__tests__/__fixtures__/TimeBlock.tsx:1735-3458",
    "targetNodeId": "/Users/byronwall/Projects/react-ts-viewer/src/__tests__/__fixtures__/TimeBlock.tsx:886-3465",
    "targets": [
      "/Users/byronwall/Projects/react-ts-viewer/src/__tests__/__fixtures__/TimeBlock.tsx:886-3465",
    ],
    "type": "variable_reference",
    "usageNodeId": "/Users/byronwall/Projects/react-ts-viewer/src/__tests__/__fixtures__/TimeBlock.tsx:1735-3458",
  },
  {
    "direction": "outgoing",
    "isInternal": false,
    "name": "Lock",
    "offset": 2845,
    "position": {
      "character": 37,
      "line": 96,
    },
    "sourceNodeId": "/Users/byronwall/Projects/react-ts-viewer/src/__tests__/__fixtures__/TimeBlock.tsx:1735-3458",
    "targetNodeId": "synthetic:/Users/byronwall/Projects/react-ts-viewer/src/__tests__/__fixtures__/TimeBlock.tsx:Imports:/Users/byronwall/Projects/react-ts-viewer/src/__tests__/__fixtures__/TimeBlock.tsx:29-71",
    "targets": [
      "synthetic:/Users/byronwall/Projects/react-ts-viewer/src/__tests__/__fixtures__/TimeBlock.tsx:Imports:/Users/byronwall/Projects/react-ts-viewer/src/__tests__/__fixtures__/TimeBlock.tsx:29-71",
    ],
    "type": "variable_reference",
    "usageNodeId": "/Users/byronwall/Projects/react-ts-viewer/src/__tests__/__fixtures__/TimeBlock.tsx:1735-3458",
  },
  {
    "direction": "outgoing",
    "isInternal": false,
    "name": "block",
    "offset": 2889,
    "position": {
      "character": 15,
      "line": 97,
    },
    "sourceNodeId": "/Users/byronwall/Projects/react-ts-viewer/src/__tests__/__fixtures__/TimeBlock.tsx:1735-3458",
    "targetNodeId": "/Users/byronwall/Projects/react-ts-viewer/src/__tests__/__fixtures__/TimeBlock.tsx:886-3465",
    "targets": [
      "/Users/byronwall/Projects/react-ts-viewer/src/__tests__/__fixtures__/TimeBlock.tsx:886-3465",
    ],
    "type": "variable_reference",
    "usageNodeId": "/Users/byronwall/Projects/react-ts-viewer/src/__tests__/__fixtures__/TimeBlock.tsx:1735-3458",
  },
  {
    "direction": "outgoing",
    "isInternal": false,
    "name": "block",
    "offset": 3057,
    "position": {
      "character": 24,
      "line": 101,
    },
    "sourceNodeId": "/Users/byronwall/Projects/react-ts-viewer/src/__tests__/__fixtures__/TimeBlock.tsx:1735-3458",
    "targetNodeId": "/Users/byronwall/Projects/react-ts-viewer/src/__tests__/__fixtures__/TimeBlock.tsx:886-3465",
    "targets": [
      "/Users/byronwall/Projects/react-ts-viewer/src/__tests__/__fixtures__/TimeBlock.tsx:886-3465",
    ],
    "type": "variable_reference",
    "usageNodeId": "/Users/byronwall/Projects/react-ts-viewer/src/__tests__/__fixtures__/TimeBlock.tsx:1735-3458",
  },
  {
    "direction": "outgoing",
    "isInternal": false,
    "name": "openEditDialog",
    "offset": 3115,
    "position": {
      "character": 22,
      "line": 102,
    },
    "sourceNodeId": "/Users/byronwall/Projects/react-ts-viewer/src/__tests__/__fixtures__/TimeBlock.tsx:1735-3458",
    "targetNodeId": "/Users/byronwall/Projects/react-ts-viewer/src/__tests__/__fixtures__/TimeBlock.tsx:1026-1082",
    "targets": [
      "/Users/byronwall/Projects/react-ts-viewer/src/__tests__/__fixtures__/TimeBlock.tsx:1026-1082",
    ],
    "type": "variable_reference",
    "usageNodeId": "/Users/byronwall/Projects/react-ts-viewer/src/__tests__/__fixtures__/TimeBlock.tsx:1735-3458",
  },
  {
    "direction": "outgoing",
    "isInternal": false,
    "name": "block",
    "offset": 3130,
    "position": {
      "character": 37,
      "line": 102,
    },
    "sourceNodeId": "/Users/byronwall/Projects/react-ts-viewer/src/__tests__/__fixtures__/TimeBlock.tsx:1735-3458",
    "targetNodeId": "/Users/byronwall/Projects/react-ts-viewer/src/__tests__/__fixtures__/TimeBlock.tsx:886-3465",
    "targets": [
      "/Users/byronwall/Projects/react-ts-viewer/src/__tests__/__fixtures__/TimeBlock.tsx:886-3465",
    ],
    "type": "variable_reference",
    "usageNodeId": "/Users/byronwall/Projects/react-ts-viewer/src/__tests__/__fixtures__/TimeBlock.tsx:1735-3458",
  },
  {
    "direction": "outgoing",
    "isInternal": false,
    "name": "Link",
    "offset": 3312,
    "position": {
      "character": 19,
      "line": 107,
    },
    "sourceNodeId": "/Users/byronwall/Projects/react-ts-viewer/src/__tests__/__fixtures__/TimeBlock.tsx:1735-3458",
    "targetNodeId": "synthetic:/Users/byronwall/Projects/react-ts-viewer/src/__tests__/__fixtures__/TimeBlock.tsx:Imports:/Users/byronwall/Projects/react-ts-viewer/src/__tests__/__fixtures__/TimeBlock.tsx:29-71",
    "targets": [
      "synthetic:/Users/byronwall/Projects/react-ts-viewer/src/__tests__/__fixtures__/TimeBlock.tsx:Imports:/Users/byronwall/Projects/react-ts-viewer/src/__tests__/__fixtures__/TimeBlock.tsx:29-71",
    ],
    "type": "variable_reference",
    "usageNodeId": "/Users/byronwall/Projects/react-ts-viewer/src/__tests__/__fixtures__/TimeBlock.tsx:1735-3458",
  },
]
`;
