// Vitest Snapshot v1, https://vitest.dev/guide/snapshot.html

exports[`reference declaration resolver – TimeBlock.handleMouseDown > should map each external reference to its declaration 1`] = `
[
  {
    "direction": "outgoing",
    "isInternal": false,
    "name": "React",
    "offset": 1187,
    "position": {
      "character": 30,
      "line": 50,
    },
    "sourceNodeId": "/Users/byronwall/Projects/react-ts-viewer/src/__tests__/__fixtures__/TimeBlock.tsx:1165-1717",
    "targetNodeId": undefined,
    "targets": undefined,
    "type": "variable_reference",
    "usageNodeId": "/Users/byronwall/Projects/react-ts-viewer/src/__tests__/__fixtures__/TimeBlock.tsx:1165-1717",
  },
  {
    "direction": "outgoing",
    "isInternal": false,
    "name": "MouseEvent",
    "offset": 1193,
    "position": {
      "character": 36,
      "line": 50,
    },
    "sourceNodeId": "/Users/byronwall/Projects/react-ts-viewer/src/__tests__/__fixtures__/TimeBlock.tsx:1165-1717",
    "targetNodeId": undefined,
    "targets": undefined,
    "type": "variable_reference",
    "usageNodeId": "/Users/byronwall/Projects/react-ts-viewer/src/__tests__/__fixtures__/TimeBlock.tsx:1165-1717",
  },
  {
    "direction": "outgoing",
    "isInternal": false,
    "name": "isPreview",
    "offset": 1218,
    "position": {
      "character": 8,
      "line": 51,
    },
    "sourceNodeId": "/Users/byronwall/Projects/react-ts-viewer/src/__tests__/__fixtures__/TimeBlock.tsx:1165-1717",
    "targetNodeId": "/Users/byronwall/Projects/react-ts-viewer/src/__tests__/__fixtures__/TimeBlock.tsx:886-3465",
    "targets": [
      "/Users/byronwall/Projects/react-ts-viewer/src/__tests__/__fixtures__/TimeBlock.tsx:886-3465",
    ],
    "type": "variable_reference",
    "usageNodeId": "/Users/byronwall/Projects/react-ts-viewer/src/__tests__/__fixtures__/TimeBlock.tsx:1165-1717",
  },
  {
    "direction": "outgoing",
    "isInternal": false,
    "name": "onResizeStart",
    "offset": 1468,
    "position": {
      "character": 6,
      "line": 61,
    },
    "sourceNodeId": "/Users/byronwall/Projects/react-ts-viewer/src/__tests__/__fixtures__/TimeBlock.tsx:1165-1717",
    "targetNodeId": "/Users/byronwall/Projects/react-ts-viewer/src/__tests__/__fixtures__/TimeBlock.tsx:886-3465",
    "targets": [
      "/Users/byronwall/Projects/react-ts-viewer/src/__tests__/__fixtures__/TimeBlock.tsx:886-3465",
    ],
    "type": "variable_reference",
    "usageNodeId": "/Users/byronwall/Projects/react-ts-viewer/src/__tests__/__fixtures__/TimeBlock.tsx:1165-1717",
  },
  {
    "direction": "outgoing",
    "isInternal": false,
    "name": "block",
    "offset": 1482,
    "position": {
      "character": 20,
      "line": 61,
    },
    "sourceNodeId": "/Users/byronwall/Projects/react-ts-viewer/src/__tests__/__fixtures__/TimeBlock.tsx:1165-1717",
    "targetNodeId": "/Users/byronwall/Projects/react-ts-viewer/src/__tests__/__fixtures__/TimeBlock.tsx:886-3465",
    "targets": [
      "/Users/byronwall/Projects/react-ts-viewer/src/__tests__/__fixtures__/TimeBlock.tsx:886-3465",
    ],
    "type": "variable_reference",
    "usageNodeId": "/Users/byronwall/Projects/react-ts-viewer/src/__tests__/__fixtures__/TimeBlock.tsx:1165-1717",
  },
  {
    "direction": "outgoing",
    "isInternal": false,
    "name": "blockStart",
    "offset": 1499,
    "position": {
      "character": 37,
      "line": 61,
    },
    "sourceNodeId": "/Users/byronwall/Projects/react-ts-viewer/src/__tests__/__fixtures__/TimeBlock.tsx:1165-1717",
    "targetNodeId": "/Users/byronwall/Projects/react-ts-viewer/src/__tests__/__fixtures__/TimeBlock.tsx:1092-1120",
    "targets": [
      "/Users/byronwall/Projects/react-ts-viewer/src/__tests__/__fixtures__/TimeBlock.tsx:1092-1120",
    ],
    "type": "variable_reference",
    "usageNodeId": "/Users/byronwall/Projects/react-ts-viewer/src/__tests__/__fixtures__/TimeBlock.tsx:1165-1717",
  },
  {
    "direction": "outgoing",
    "isInternal": false,
    "name": "blockEnd",
    "offset": 1511,
    "position": {
      "character": 49,
      "line": 61,
    },
    "sourceNodeId": "/Users/byronwall/Projects/react-ts-viewer/src/__tests__/__fixtures__/TimeBlock.tsx:1165-1717",
    "targetNodeId": "/Users/byronwall/Projects/react-ts-viewer/src/__tests__/__fixtures__/TimeBlock.tsx:1130-1154",
    "targets": [
      "/Users/byronwall/Projects/react-ts-viewer/src/__tests__/__fixtures__/TimeBlock.tsx:1130-1154",
    ],
    "type": "variable_reference",
    "usageNodeId": "/Users/byronwall/Projects/react-ts-viewer/src/__tests__/__fixtures__/TimeBlock.tsx:1165-1717",
  },
  {
    "direction": "outgoing",
    "isInternal": false,
    "name": "onResizeStart",
    "offset": 1575,
    "position": {
      "character": 6,
      "line": 63,
    },
    "sourceNodeId": "/Users/byronwall/Projects/react-ts-viewer/src/__tests__/__fixtures__/TimeBlock.tsx:1165-1717",
    "targetNodeId": "/Users/byronwall/Projects/react-ts-viewer/src/__tests__/__fixtures__/TimeBlock.tsx:886-3465",
    "targets": [
      "/Users/byronwall/Projects/react-ts-viewer/src/__tests__/__fixtures__/TimeBlock.tsx:886-3465",
    ],
    "type": "variable_reference",
    "usageNodeId": "/Users/byronwall/Projects/react-ts-viewer/src/__tests__/__fixtures__/TimeBlock.tsx:1165-1717",
  },
  {
    "direction": "outgoing",
    "isInternal": false,
    "name": "block",
    "offset": 1589,
    "position": {
      "character": 20,
      "line": 63,
    },
    "sourceNodeId": "/Users/byronwall/Projects/react-ts-viewer/src/__tests__/__fixtures__/TimeBlock.tsx:1165-1717",
    "targetNodeId": "/Users/byronwall/Projects/react-ts-viewer/src/__tests__/__fixtures__/TimeBlock.tsx:886-3465",
    "targets": [
      "/Users/byronwall/Projects/react-ts-viewer/src/__tests__/__fixtures__/TimeBlock.tsx:886-3465",
    ],
    "type": "variable_reference",
    "usageNodeId": "/Users/byronwall/Projects/react-ts-viewer/src/__tests__/__fixtures__/TimeBlock.tsx:1165-1717",
  },
  {
    "direction": "outgoing",
    "isInternal": false,
    "name": "blockStart",
    "offset": 1609,
    "position": {
      "character": 40,
      "line": 63,
    },
    "sourceNodeId": "/Users/byronwall/Projects/react-ts-viewer/src/__tests__/__fixtures__/TimeBlock.tsx:1165-1717",
    "targetNodeId": "/Users/byronwall/Projects/react-ts-viewer/src/__tests__/__fixtures__/TimeBlock.tsx:1092-1120",
    "targets": [
      "/Users/byronwall/Projects/react-ts-viewer/src/__tests__/__fixtures__/TimeBlock.tsx:1092-1120",
    ],
    "type": "variable_reference",
    "usageNodeId": "/Users/byronwall/Projects/react-ts-viewer/src/__tests__/__fixtures__/TimeBlock.tsx:1165-1717",
  },
  {
    "direction": "outgoing",
    "isInternal": false,
    "name": "blockEnd",
    "offset": 1621,
    "position": {
      "character": 52,
      "line": 63,
    },
    "sourceNodeId": "/Users/byronwall/Projects/react-ts-viewer/src/__tests__/__fixtures__/TimeBlock.tsx:1165-1717",
    "targetNodeId": "/Users/byronwall/Projects/react-ts-viewer/src/__tests__/__fixtures__/TimeBlock.tsx:1130-1154",
    "targets": [
      "/Users/byronwall/Projects/react-ts-viewer/src/__tests__/__fixtures__/TimeBlock.tsx:1130-1154",
    ],
    "type": "variable_reference",
    "usageNodeId": "/Users/byronwall/Projects/react-ts-viewer/src/__tests__/__fixtures__/TimeBlock.tsx:1165-1717",
  },
  {
    "direction": "outgoing",
    "isInternal": false,
    "name": "onDragStart",
    "offset": 1654,
    "position": {
      "character": 6,
      "line": 65,
    },
    "sourceNodeId": "/Users/byronwall/Projects/react-ts-viewer/src/__tests__/__fixtures__/TimeBlock.tsx:1165-1717",
    "targetNodeId": "/Users/byronwall/Projects/react-ts-viewer/src/__tests__/__fixtures__/TimeBlock.tsx:886-3465",
    "targets": [
      "/Users/byronwall/Projects/react-ts-viewer/src/__tests__/__fixtures__/TimeBlock.tsx:886-3465",
    ],
    "type": "variable_reference",
    "usageNodeId": "/Users/byronwall/Projects/react-ts-viewer/src/__tests__/__fixtures__/TimeBlock.tsx:1165-1717",
  },
  {
    "direction": "outgoing",
    "isInternal": false,
    "name": "block",
    "offset": 1666,
    "position": {
      "character": 18,
      "line": 65,
    },
    "sourceNodeId": "/Users/byronwall/Projects/react-ts-viewer/src/__tests__/__fixtures__/TimeBlock.tsx:1165-1717",
    "targetNodeId": "/Users/byronwall/Projects/react-ts-viewer/src/__tests__/__fixtures__/TimeBlock.tsx:886-3465",
    "targets": [
      "/Users/byronwall/Projects/react-ts-viewer/src/__tests__/__fixtures__/TimeBlock.tsx:886-3465",
    ],
    "type": "variable_reference",
    "usageNodeId": "/Users/byronwall/Projects/react-ts-viewer/src/__tests__/__fixtures__/TimeBlock.tsx:1165-1717",
  },
]
`;
