// Vitest Snapshot v1, https://vitest.dev/guide/snapshot.html

exports[`reference finder – useKeyModifiers.handleKeyDown > should detect the expected external references 1`] = `
[
  {
    "direction": "outgoing",
    "name": "useCallback",
    "position": {
      "character": 24,
      "line": 17,
    },
    "type": "function_call",
  },
  {
    "direction": "outgoing",
    "name": "keysToTrack",
    "position": {
      "character": 11,
      "line": 19,
    },
    "type": "variable_reference",
  },
  {
    "direction": "outgoing",
    "name": "setPressedModifiers",
    "position": {
      "character": 60,
      "line": 19,
    },
    "type": "function_call",
  },
]
`;
